GAMS 47.6.0  c2de9d6d Sep 12, 2024          WEX-WEI x86 64bit/MS Windows - 09/24/24 19:55:55 Page 1
G e n e r a l   A l g e b r a i c   M o d e l i n g   S y s t e m
C o m p i l a t i o n


   1  Parameter a;
   2  Set i /1*2/;
   3  parameter a(i);
INCLUDE    E:\proj\GMM_DRO\multipleData\a_2.txt
   5  a('1') = 0.066656408821;
   6  a('2') = 0.548997345877;
   7   
   8  Variable x;
   9  Equation constraint;
  10  constraint.. x =g= a('2');
  11   
  12  Model lpModel /constraint/;
  13  Solve lpModel using LP minimizing x;
GAMS 47.6.0  c2de9d6d Sep 12, 2024          WEX-WEI x86 64bit/MS Windows - 09/24/24 19:55:55 Page 2
G e n e r a l   A l g e b r a i c   M o d e l i n g   S y s t e m
Include File Summary


   SEQ   GLOBAL TYPE      PARENT   LOCAL  FILENAME

     1        1 INPUT          0       0  E:\proj\GMM_DRO\multipleData\model.gms
     2        4 INCLUDE        1       4  .E:\proj\GMM_DRO\multipleData\a_2.txt


COMPILATION TIME     =        0.000 SECONDS      3 MB  47.6.0 c2de9d6d WEX-WEI
GAMS 47.6.0  c2de9d6d Sep 12, 2024          WEX-WEI x86 64bit/MS Windows - 09/24/24 19:55:55 Page 3
G e n e r a l   A l g e b r a i c   M o d e l i n g   S y s t e m
Equation Listing    SOLVE lpModel Using LP From line 13


---- constraint  =G=  

constraint..  x =G= 0.548997345877 ; (LHS = 0, INFES = 0.548997345877 ****)
     
GAMS 47.6.0  c2de9d6d Sep 12, 2024          WEX-WEI x86 64bit/MS Windows - 09/24/24 19:55:55 Page 4
G e n e r a l   A l g e b r a i c   M o d e l i n g   S y s t e m
Column Listing      SOLVE lpModel Using LP From line 13


---- x  

x
                (.LO, .L, .UP, .M = -INF, 0, +INF, 0)
        1       constraint

GAMS 47.6.0  c2de9d6d Sep 12, 2024          WEX-WEI x86 64bit/MS Windows - 09/24/24 19:55:55 Page 5
G e n e r a l   A l g e b r a i c   M o d e l i n g   S y s t e m
Range Statistics    SOLVE lpModel Using LP From line 13


RANGE STATISTICS (ABSOLUTE NON-ZERO FINITE VALUES)

RHS       [min, max] : [ 5.490E-01, 5.490E-01]
Bound     [min, max] : [        NA,        NA]
Matrix    [min, max] : [ 1.000E+00, 1.000E+00]

GAMS 47.6.0  c2de9d6d Sep 12, 2024          WEX-WEI x86 64bit/MS Windows - 09/24/24 19:55:55 Page 6
G e n e r a l   A l g e b r a i c   M o d e l i n g   S y s t e m
Model Statistics    SOLVE lpModel Using LP From line 13


MODEL STATISTICS

BLOCKS OF EQUATIONS           1     SINGLE EQUATIONS            1
BLOCKS OF VARIABLES           1     SINGLE VARIABLES            1
NON ZERO ELEMENTS             1


GENERATION TIME      =        0.000 SECONDS      4 MB  47.6.0 c2de9d6d WEX-WEI
GAMS 47.6.0  c2de9d6d Sep 12, 2024          WEX-WEI x86 64bit/MS Windows - 09/24/24 19:55:55 Page 7
G e n e r a l   A l g e b r a i c   M o d e l i n g   S y s t e m
Solution Report     SOLVE lpModel Using LP From line 13


               S O L V E      S U M M A R Y

     MODEL   lpModel             OBJECTIVE  x
     TYPE    LP                  DIRECTION  MINIMIZE
     SOLVER  CPLEX               FROM LINE  13

**** SOLVER STATUS     1 Normal Completion
**** MODEL STATUS      1 Optimal
**** OBJECTIVE VALUE                0.5490

 RESOURCE USAGE, LIMIT          0.000 10000000000.000
 ITERATION COUNT, LIMIT         0    2147483647
*** This solver runs with a community license.
--- GMO setup time: 0.00s
--- GMO memory 0.50 Mb (peak 0.50 Mb)
--- Dictionary memory 0.00 Mb
--- Cplex 22.1.1.0 link memory 0.00 Mb (peak 0.00 Mb)
--- Starting Cplex


--- LP status (1): optimal.
--- Cplex Time: 0.00sec (det. 0.00 ticks)


Optimal solution found
Objective:            0.548997


                           LOWER          LEVEL          UPPER         MARGINAL

---- EQU constraint         0.5490         0.5490        +INF            1.0000      

                           LOWER          LEVEL          UPPER         MARGINAL

---- VAR x                 -INF            0.5490        +INF             .          


**** REPORT SUMMARY :        0     NONOPT
                             0 INFEASIBLE
                             0  UNBOUNDED


EXECUTION TIME       =        0.016 SECONDS      4 MB  47.6.0 c2de9d6d WEX-WEI


USER: MUD- 5 User License                            G240208|0002AO-WIN
      University of Alberta, Chemical and Materials EngineeriDC16827-S1
      License for teaching and research at degree granting institutions


**** FILE SUMMARY

Input      E:\proj\GMM_DRO\multipleData\model.gms
Output     E:\proj\GMM_DRO\multipleData\model.lst
